// Jest Snapshot v1, https://goo.gl/fbAQLP

exports[`PageNotFound Snapshot Test Suit renders correctly 1`] = `
<DocumentFragment>
  <div
    class="page-not-found"
  >
    404 Page Not Found
  </div>
</DocumentFragment>
`;
