// Jest Snapshot v1, https://goo.gl/fbAQLP

exports[`Spinner Snapshot Test Suit renders correctly 1`] = `
<DocumentFragment>
  <div
    class="loader"
  >
    Loading...
  </div>
</DocumentFragment>
`;
